Paths that match both --include and --exclude will be skipped by Semgrep.


┌─────────────┐
│ Scan Status │
└─────────────┘
  Scanning 0 files tracked by git with 1059 Code rules:
  Nothing to scan.


┌──────────────┐
│ Scan Summary │
└──────────────┘
✅ Scan completed successfully.
 • Findings: 0 (0 blocking)
 • Rules run: 1059
 • Targets scanned: 0
 • Parsed lines: an unknown percentage
 • Scan skipped:
   ◦ Not matching --include patterns: 73
 • Scan was limited to files tracked by git
 • For a detailed list of skipped files and lines, run semgrep with the --verbose flag
Ran 1059 rules on 0 files: 0 findings.
If Semgrep missed a finding, please send us feedback to let us know!
See https://semgrep.dev/docs/reporting-false-negatives/
